// Jest Snapshot v1, https://goo.gl/fbAQLP

exports[`renders correctly 1`] = `
<div>
  <p
    className="time"
  >
    12:00:00 AM
  </p>
</div>
`;
